
> expense_tracker@0.0.1 test
> jest --watchAll=false

node.exe : FAIL __tests__/App.test.tsx
At line:1 char:1
+ & "C:\Program Files\nodejs/node.exe" "C:\Program 
Files\nodejs/node_mo ...
+ ~~~~~~~~~~~~~~~~~~~~~~~~~~~~~~~~~~~~~~~~~~~~~~~~~~~~~~~~~~~~~
~~~~~~~~
    + CategoryInfo          : NotSpecified: (FAIL __tests__/Ap 
   p.test.tsx:String) [], RemoteException
    + FullyQualifiedErrorId : NativeCommandError
 
  ΓùÅ Test suite failed to run

    [@RNC/AsyncStorage]: NativeModule: AsyncStorage is null.

    To fix this issue try these steps:

      ΓÇó Uninstall, rebuild and restart the app.

      ΓÇó Run the packager with `--reset-cache` flag.

      ΓÇó If you are using CocoaPods on iOS, run `pod install` 
in the `ios` directory, then rebuild and re-run the app.

      ΓÇó Make sure your project's `package.json` depends on 
`@react-native-async-storage/async-storage`, even if you only 
depend on it indirectly through other dependencies. CLI only 
autolinks native modules found in your `package.json`.

      ΓÇó If this happens while testing with Jest, check out 
how to integrate AsyncStorage here: https://react-native-async-
storage.github.io/async-storage/docs/advanced/jest

    If none of these fix the issue, please open an issue on 
the GitHub repository: https://github.com/react-native-async-st
orage/async-storage/issues

    [0m[31m[1m>[22m[39m[90m 1 |[39m [36mimport[39m 
[33mAsyncStorage[39m [36mfrom[39m [32m'@react-native-async
-storage/async-storage'[39m[33m;[39m
     [90m   |[39m [31m[1m^[22m[39m
     [90m 2 |[39m
     [90m 3 |[39m [90m// ΓöÇΓöÇ Storage Keys ΓöÇΓöÇΓöÇΓöÇΓöÇ
ΓöÇΓöÇΓöÇΓöÇΓöÇΓöÇΓöÇΓöÇΓöÇΓöÇΓöÇΓöÇΓöÇΓöÇΓöÇΓöÇΓöÇΓöÇΓöÇΓöÇΓöÇ
ΓöÇΓöÇΓöÇΓöÇΓöÇΓöÇΓöÇΓöÇΓöÇΓöÇΓöÇΓöÇΓöÇΓöÇΓöÇΓöÇΓöÇΓöÇΓöÇΓöÇΓöÇ
ΓöÇ[39m
     [90m 4 |[39m [36mexport[39m [36mconst[39m 
[33mSTORAGE_KEYS[39m [33m=[39m {[0m

      at Object.<anonymous> (node_modules/@react-native-async-s
torage/async-storage/src/AsyncStorage.native.ts:23:9)
      at Object.require (node_modules/@react-native-async-stora
ge/async-storage/src/index.ts:1:1)
      at Object.require (src/utils/storage.ts:1:1)
      at Object.require (src/context/ExpenseContext.tsx:8:1)
      at Object.require (App.tsx:8:1)
      at Object.require (__tests__/App.test.tsx:7:1)

Test Suites: 1 failed, 1 total
Tests:       0 total
Snapshots:   0 total
Time:        16.691 s
Ran all test suites.
